[ +312 ms] Artifact Instance of 'MaterialFonts' is not required, skipping update.
[   +1 ms] Artifact Instance of 'GradleWrapper' is not required, skipping update.
[        ] Artifact Instance of 'AndroidGenSnapshotArtifacts' is not required, skipping update.
[        ] Artifact Instance of 'AndroidInternalBuildArtifacts' is not required, skipping update.
[        ] Artifact Instance of 'IOSEngineArtifacts' is not required, skipping update.
[        ] Artifact Instance of 'FlutterWebSdk' is not required, skipping update.
[   +1 ms] Artifact Instance of 'LegacyCanvasKitRemover' is not required, skipping update.
[        ] Artifact Instance of 'FlutterSdk' is not required, skipping update.
[        ] Artifact Instance of 'WindowsEngineArtifacts' is not required, skipping update.
[        ] Artifact Instance of 'MacOSEngineArtifacts' is not required, skipping update.
[        ] Artifact Instance of 'LinuxEngineArtifacts' is not required, skipping update.
[        ] Artifact Instance of 'LinuxFuchsiaSDKArtifacts' is not required, skipping update.
[        ] Artifact Instance of 'MacOSFuchsiaSDKArtifacts' is not required, skipping update.
[        ] Artifact Instance of 'FlutterRunnerSDKArtifacts' is not required, skipping update.
[        ] Artifact Instance of 'FlutterRunnerDebugSymbols' is not required, skipping update.
[        ] Artifact Instance of 'IosUsbArtifacts' is not required, skipping update.
[        ] Artifact Instance of 'IosUsbArtifacts' is not required, skipping update.
[        ] Artifact Instance of 'IosUsbArtifacts' is not required, skipping update.
[        ] Artifact Instance of 'IosUsbArtifacts' is not required, skipping update.
[        ] Artifact Instance of 'IosUsbArtifacts' is not required, skipping update.
[        ] Artifact Instance of 'IosUsbArtifacts' is not required, skipping update.
[        ] Artifact Instance of 'FontSubsetArtifacts' is not required, skipping update.
[        ] Artifact Instance of 'PubDependencies' is not required, skipping update.
[   +1 ms] executing: [D:\flutter/] git -c log.showSignature=false log HEAD -n 1 --pretty=format:%ad --date=iso
[ +110 ms] Exit code 0 from: git -c log.showSignature=false log HEAD -n 1 --pretty=format:%ad --date=iso
[        ] 2026-01-28 13:43:12 -0800
[  +32 ms] Artifact Instance of 'AndroidGenSnapshotArtifacts' is not required, skipping update.
[        ] Artifact Instance of 'AndroidInternalBuildArtifacts' is not required, skipping update.
[        ] Artifact Instance of 'IOSEngineArtifacts' is not required, skipping update.
[        ] Artifact Instance of 'FlutterWebSdk' is not required, skipping update.
[        ] Artifact Instance of 'FlutterEngineStamp' is not required, skipping update.
[        ] Artifact Instance of 'LegacyCanvasKitRemover' is not required, skipping update.
[   +2 ms] Artifact Instance of 'WindowsEngineArtifacts' is not required, skipping update.
[        ] Artifact Instance of 'MacOSEngineArtifacts' is not required, skipping update.
[        ] Artifact Instance of 'LinuxEngineArtifacts' is not required, skipping update.
[        ] Artifact Instance of 'LinuxFuchsiaSDKArtifacts' is not required, skipping update.
[        ] Artifact Instance of 'MacOSFuchsiaSDKArtifacts' is not required, skipping update.
[        ] Artifact Instance of 'FlutterRunnerSDKArtifacts' is not required, skipping update.
[        ] Artifact Instance of 'FlutterRunnerDebugSymbols' is not required, skipping update.
[ +107 ms] Artifact Instance of 'AndroidGenSnapshotArtifacts' is not required, skipping update.
[        ] Artifact Instance of 'AndroidInternalBuildArtifacts' is not required, skipping update.
[        ] Artifact Instance of 'IOSEngineArtifacts' is not required, skipping update.
[        ] Artifact Instance of 'FlutterEngineStamp' is not required, skipping update.
[   +2 ms] Artifact Instance of 'WindowsEngineArtifacts' is not required, skipping update.
[        ] Artifact Instance of 'MacOSEngineArtifacts' is not required, skipping update.
[        ] Artifact Instance of 'LinuxEngineArtifacts' is not required, skipping update.
[        ] Artifact Instance of 'LinuxFuchsiaSDKArtifacts' is not required, skipping update.
[        ] Artifact Instance of 'MacOSFuchsiaSDKArtifacts' is not required, skipping update.
[        ] Artifact Instance of 'FlutterRunnerSDKArtifacts' is not required, skipping update.
[        ] Artifact Instance of 'FlutterRunnerDebugSymbols' is not required, skipping update.
[  +45 ms] Skipping pub get: version match.
[  +75 ms] Found plugin path_provider at C:\Users\getme\AppData\Local\Pub\Cache\hosted\pub.dev\path_provider-2.1.5\
[   +4 ms] Found plugin path_provider_windows at C:\Users\getme\AppData\Local\Pub\Cache\hosted\pub.dev\path_provider_windows-2.3.0\
[   +8 ms] Found plugin path_provider_linux at C:\Users\getme\AppData\Local\Pub\Cache\hosted\pub.dev\path_provider_linux-2.2.1\
[   +5 ms] Found plugin path_provider_foundation at C:\Users\getme\AppData\Local\Pub\Cache\hosted\pub.dev\path_provider_foundation-2.6.0\
[  +20 ms] Found plugin path_provider_android at C:\Users\getme\AppData\Local\Pub\Cache\hosted\pub.dev\path_provider_android-2.2.22\
[  +62 ms] Found plugin firebase_core at C:\Users\getme\AppData\Local\Pub\Cache\hosted\pub.dev\firebase_core-2.32.0\
[   +2 ms] Found plugin firebase_core_web at C:\Users\getme\AppData\Local\Pub\Cache\hosted\pub.dev\firebase_core_web-2.17.5\
[   +3 ms] Found plugin firebase_auth at C:\Users\getme\AppData\Local\Pub\Cache\hosted\pub.dev\firebase_auth-4.20.0\
[   +1 ms] Found plugin firebase_auth_web at C:\Users\getme\AppData\Local\Pub\Cache\hosted\pub.dev\firebase_auth_web-5.12.0\
[  +70 ms] Found plugin path_provider at C:\Users\getme\AppData\Local\Pub\Cache\hosted\pub.dev\path_provider-2.1.5\
[   +2 ms] Found plugin path_provider_windows at C:\Users\getme\AppData\Local\Pub\Cache\hosted\pub.dev\path_provider_windows-2.3.0\
[   +5 ms] Found plugin path_provider_linux at C:\Users\getme\AppData\Local\Pub\Cache\hosted\pub.dev\path_provider_linux-2.2.1\
[   +3 ms] Found plugin path_provider_foundation at C:\Users\getme\AppData\Local\Pub\Cache\hosted\pub.dev\path_provider_foundation-2.6.0\
[  +16 ms] Found plugin path_provider_android at C:\Users\getme\AppData\Local\Pub\Cache\hosted\pub.dev\path_provider_android-2.2.22\
[  +36 ms] Found plugin firebase_core at C:\Users\getme\AppData\Local\Pub\Cache\hosted\pub.dev\firebase_core-2.32.0\
[   +1 ms] Found plugin firebase_core_web at C:\Users\getme\AppData\Local\Pub\Cache\hosted\pub.dev\firebase_core_web-2.17.5\
[   +2 ms] Found plugin firebase_auth at C:\Users\getme\AppData\Local\Pub\Cache\hosted\pub.dev\firebase_auth-4.20.0\
[   +1 ms] Found plugin firebase_auth_web at C:\Users\getme\AppData\Local\Pub\Cache\hosted\pub.dev\firebase_auth_web-5.12.0\
[  +17 ms] Skipping generating web_plugin_registrant.dart because it is up-to-date.
[  +34 ms] Found plugin path_provider at C:\Users\getme\AppData\Local\Pub\Cache\hosted\pub.dev\path_provider-2.1.5\
[   +1 ms] Found plugin path_provider_windows at C:\Users\getme\AppData\Local\Pub\Cache\hosted\pub.dev\path_provider_windows-2.3.0\
[   +4 ms] Found plugin path_provider_linux at C:\Users\getme\AppData\Local\Pub\Cache\hosted\pub.dev\path_provider_linux-2.2.1\
[   +1 ms] Found plugin path_provider_foundation at C:\Users\getme\AppData\Local\Pub\Cache\hosted\pub.dev\path_provider_foundation-2.6.0\
[  +11 ms] Found plugin path_provider_android at C:\Users\getme\AppData\Local\Pub\Cache\hosted\pub.dev\path_provider_android-2.2.22\
[  +31 ms] Found plugin firebase_core at C:\Users\getme\AppData\Local\Pub\Cache\hosted\pub.dev\firebase_core-2.32.0\
[   +1 ms] Found plugin firebase_core_web at C:\Users\getme\AppData\Local\Pub\Cache\hosted\pub.dev\firebase_core_web-2.17.5\
[   +2 ms] Found plugin firebase_auth at C:\Users\getme\AppData\Local\Pub\Cache\hosted\pub.dev\firebase_auth-4.20.0\
[   +1 ms] Found plugin firebase_auth_web at C:\Users\getme\AppData\Local\Pub\Cache\hosted\pub.dev\firebase_auth_web-5.12.0\
[   +6 ms] Generating D:\TESTAPP\android\app\src\main\java\io\flutter\plugins\GeneratedPluginRegistrant.java
[   +1 ms] Skipping generating GeneratedPluginRegistrant.java because it is up-to-date.
[   +4 ms] Skipping generating generated_plugin_registrant.h because it is up-to-date.
[   +1 ms] Skipping generating generated_plugin_registrant.cc because it is up-to-date.
[   +1 ms] Skipping generating generated_plugins.cmake because it is up-to-date.
[   +2 ms] Skipping generating generated_plugin_registrant.h because it is up-to-date.
[   +1 ms] Skipping generating generated_plugin_registrant.cc because it is up-to-date.
[   +1 ms] Skipping generating generated_plugins.cmake because it is up-to-date.
[   +2 ms] Skipping generating GeneratedPluginRegistrant.h because it is up-to-date.
[   +1 ms] Skipping generating GeneratedPluginRegistrant.m because it is up-to-date.
[   +1 ms] Skipping generating GeneratedPluginRegistrant.swift because it is up-to-date.
[ +149 ms] Launching lib\main.dart on Chrome in debug mode...
[  +72 ms] Initializing file store
[   +1 ms] Done initializing file store
[   +9 ms] Skipping target: gen_localizations
[   +1 ms] Skipping target: gen_dart_plugin_registrant
[   +1 ms] Skipping target: _composite
[   +1 ms] complete
[        ] Updating assets
[        ] runHooks() with {TargetFile: D:\TESTAPP\lib\main.dart, BuildMode: debug} and TargetPlatform.web_javascript
[        ] runHooks() - will perform dart build
[        ] Initializing file store
[        ] Done initializing file store
[  +12 ms] Skipping target: dart_build
[        ] Persisting file store
[   +1 ms] Done persisting file store
[   +4 ms] runHooks() - done
[ +159 ms] Waiting for connection from debug service on Chrome...
[  +51 ms] Found plugin path_provider at C:\Users\getme\AppData\Local\Pub\Cache\hosted\pub.dev\path_provider-2.1.5\
[   +1 ms] Found plugin path_provider_windows at C:\Users\getme\AppData\Local\Pub\Cache\hosted\pub.dev\path_provider_windows-2.3.0\
[   +7 ms] Found plugin path_provider_linux at C:\Users\getme\AppData\Local\Pub\Cache\hosted\pub.dev\path_provider_linux-2.2.1\
[   +4 ms] Found plugin path_provider_foundation at C:\Users\getme\AppData\Local\Pub\Cache\hosted\pub.dev\path_provider_foundation-2.6.0\
[  +13 ms] Found plugin path_provider_android at C:\Users\getme\AppData\Local\Pub\Cache\hosted\pub.dev\path_provider_android-2.2.22\
[  +22 ms] Found plugin firebase_core at C:\Users\getme\AppData\Local\Pub\Cache\hosted\pub.dev\firebase_core-2.32.0\
[   +1 ms] Found plugin firebase_core_web at C:\Users\getme\AppData\Local\Pub\Cache\hosted\pub.dev\firebase_core_web-2.17.5\
[   +2 ms] Found plugin firebase_auth at C:\Users\getme\AppData\Local\Pub\Cache\hosted\pub.dev\firebase_auth-4.20.0\
[   +1 ms] Found plugin firebase_auth_web at C:\Users\getme\AppData\Local\Pub\Cache\hosted\pub.dev\firebase_auth_web-5.12.0\
[  +34 ms] shaderc command: [D:\flutter\bin\cache\artifacts\engine\windows-x64\impellerc.exe, --sksl, --iplr, --json, --sl=build\flutter_assets\shaders/ink_sparkle.frag, --spirv=build\flutter_assets\shaders/ink_sparkle.frag.spirv, --input=D:\flutter\packages\flutter\lib\src\material\shaders\ink_sparkle.frag, --input-type=frag, --include=D:\flutter\packages\flutter\lib\src\material\shaders, --include=D:\flutter\bin\cache\artifacts\engine\windows-x64\shader_lib]
[   +1 ms] shaderc command: [D:\flutter\bin\cache\artifacts\engine\windows-x64\impellerc.exe, --sksl, --iplr, --json, --sl=build\flutter_assets\shaders/stretch_effect.frag, --spirv=build\flutter_assets\shaders/stretch_effect.frag.spirv, --input=D:\flutter\packages\flutter\lib\src\material\shaders\stretch_effect.frag, --input-type=frag, --include=D:\flutter\packages\flutter\lib\src\material\shaders, --include=D:\flutter\bin\cache\artifacts\engine\windows-x64\shader_lib]
[ +300 ms] <- reset
[   +2 ms] D:\flutter\bin\cache\dart-sdk\bin\dartaotruntime.exe D:\flutter\bin\cache\dart-sdk\bin\snapshots\frontend_server_aot.dart.snapshot --sdk-root D:\flutter\bin\cache\flutter_web_sdk/ --incremental --target=dartdevc --experimental-emit-debug-metadata -DFLUTTER_VERSION=3.38.9 -DFLUTTER_CHANNEL=stable -DFLUTTER_GIT_URL=https://github.com/flutter/flutter.git -DFLUTTER_FRAMEWORK_REVISION=67323de285 -DFLUTTER_ENGINE_REVISION=587c18f873 -DFLUTTER_DART_VERSION=3.10.8 --output-dill C:\Users\getme\AppData\Local\Temp\flutter_tools.5640431d\flutter_tool.35e53ddf\app.dill --packages D:\TESTAPP\.dart_tool\package_config.json -Ddart.vm.profile=false -Ddart.vm.product=false --enable-asserts --track-widget-creation --filesystem-root C:\Users\getme\AppData\Local\Temp\flutter_tools.5640431d\flutter_tools.50b3f911 --filesystem-scheme org-dartlang-app --initialize-from-dill build\f537d389bd7fe17e116f8b847863fcdd.cache.dill.track.dill --platform file:///D:/flutter/bin/cache/flutter_web_sdk/kernel/ddc_outline.dill --verbosity=error --dartdevc-canary --dartdevc-module-format=ddc
[  +11 ms] <- compile org-dartlang-app:/web_entrypoint.dart
[+18288 ms] Waiting for connection from debug service on Chrome... (completed in 20.1s)
[        ] Synced 0.0MB.
[   +3 ms] "flutter run" took 21,132ms.
[        ] Running 3 shutdown hooks
[  +14 ms] Shutdown hooks complete
[ +115 ms] exiting with code 1
